// Jest Snapshot v1, https://goo.gl/fbAQLP

exports[`It insures the correct information is displayed renders correctly when jobs are passed in 1`] = `
<div>
  <ul
    class="job-view-container"
  >
    <li>
      <section
        class="job-block"
        data-testid="job-block"
      >
        <section
          class="job-block-title"
        >
          <h5
            class="job-block-title-text"
          >
            Mrs. Constantin Dickinson
          </h5>
          <span
            class="job-block-status"
          >
            waiting
          </span>
          <section
            class="button-group"
          >
            <button
              class="job-block-title-delete"
              type="button"
            >
              Delete
            </button>
            <button
              type="button"
            >
              ⇩
            </button>
          </section>
        </section>
      </section>
    </li>
    <li>
      <section
        class="job-block"
        data-testid="job-block"
      >
        <section
          class="job-block-title"
        >
          <h5
            class="job-block-title-text"
          >
            Miss Amira Kuvalis
          </h5>
          <span
            class="job-block-status"
          >
            waiting
          </span>
          <section
            class="button-group"
          >
            <button
              class="job-block-title-delete"
              type="button"
            >
              Delete
            </button>
            <button
              type="button"
            >
              ⇩
            </button>
          </section>
        </section>
      </section>
    </li>
    <li>
      <section
        class="job-block"
        data-testid="job-block"
      >
        <section
          class="job-block-title"
        >
          <h5
            class="job-block-title-text"
          >
            Miss Terry Schaefer
          </h5>
          <span
            class="job-block-status"
          >
            waiting
          </span>
          <section
            class="button-group"
          >
            <button
              class="job-block-title-delete"
              type="button"
            >
              Delete
            </button>
            <button
              type="button"
            >
              ⇩
            </button>
          </section>
        </section>
      </section>
    </li>
  </ul>
</div>
`;
