// Jest Snapshot v1, https://goo.gl/fbAQLP

exports[`It insures the header contains the necessary information has a title, and two buttons when not logged in 1`] = `
<div>
  <h1>
    Job Track
  </h1>
  <div
    class="header-button-class"
  >
    <button
      class="sign-in-button"
      type="button"
    >
      Sign In / Up
    </button>
  </div>
</div>
`;

exports[`It insures the header contains the necessary information renders a different header when logged in 1`] = `
<div>
  <h1>
    Job Track
  </h1>
  <div
    class="header-button-class"
  >
    <button
      class="sign-in-button"
      type="button"
    >
      Sign In / Up
    </button>
  </div>
</div>
`;
